music:village1.ogg
zone:0:24:0:24:Reed house
platform:0:24:0:24:hardwood:Reed house
wall:0:24:24:24:wood:house
wall:0:0:0:24:wood:house
wall:24:24:0:24:wood:house
wall:0:24:0:0:wood:house
wall:8:13:15:15:wood:alcove
wall:18:18:7:12:wood:alcove
npc:3:3:19:19:objects\npc.ogg:"You're welcome to smell the roses, but don't let Corin convince you the blue ones predict weather. He made that up."
npc:12:12:18:18:objects\npc.ogg:"If your nerves are bad, take this sachet and keep it near your pillow. No charge."
npc:18:18:12:12:objects\npc.ogg:"If anyone asks, I was not watching the road. I was merely standing near a window with excellent timing."
object:4:8:8:10:A long table crowded with flower pots, twine, and jars of dried petals.:objects\table.ogg
object:15:20:6:8:A shelf of oils and perfumes fills the room with a soft sweet scent.:objects\paper.ogg
object:2:4:13:16:A wicker chair piled with folded blankets.
door:12:12:0:0:data\maps\village.map:114:89:You step back outside beside the Reed house.:misk\doorsnd.ogg:misk\dooractivate1.ogg:true:false
