music:shop1.ogg
zone:0:42:0:60:Yuri shopping center
platform:0:42:0:28:concrete:Yuri shopping center
platform:17:25:0:28:carpet:Center runner:1
platform:4:12:18:24:carpet:West stall:1
platform:30:38:18:24:carpet:East stall:1
platform:39:42:28:60:concrete:Yuri shopping center
wall:0:38:28:28:wood:shopping_center
wall:0:0:0:28:wood:shopping_center
wall:42:42:0:60:wood:shopping_center
wall:0:42:0:0:wood:shopping_center
wall:14:14:14:22:wood:divider
wall:28:28:14:22:wood:divider
wall:39:39:28:60:wood:alcove
shop:3:8:20:23:objects\npc.ogg:If you're after bread, candles, or gossip, I can help with all three.:Safe travels.:Pleasure doing business.:bread:12:dried_fruit:15:honeycomb:10:jerky:18
shop:18:23:20:23:objects\npc.ogg:You look steady on your feet. Good. What are you after?:Right then. Come back if you need anything.:There you go. Take care of yourself.:potion:60:mega_potion:95:mana_potion:60
shop:32:37:20:23:objects\npc.ogg:People buy extra salt when they're afraid. Flour too. What'll it be?:Stay sharp out there.:Good. Fear's cheaper when you're prepared.:healing_herb:15:hearty_stew:30:hyper_potion:150:mega_mana_potion:110
door:0:0:20:20:data\maps\village.map:173:20:You step back into the village square outside the shopping center.:misk\doorsnd.ogg:misk\dooractivate1.ogg:true:false
npc:40:40:37:37:objects\npc.ogg:data\story\shop_owner.txt
door:39:41:60:60:data\maps\shopping_storage.map:15:2:You step into the back storage warehouse.:misk\doorsnd.ogg:misk\dooractivate1.ogg:true:true:The door is bolted shut. You will need a key.:storage_key
